------------------------------------------------------------
TimeQuest Timing Analyzer Summary
------------------------------------------------------------

Type  : Slow 1200mV 85C Model Setup 'BUTTON[0]'
Slack : -0.453
TNS   : -0.453

Type  : Slow 1200mV 85C Model Setup 'Counter:inst2|inst6'
Slack : -0.071
TNS   : -0.103

Type  : Slow 1200mV 85C Model Hold 'Counter:inst2|inst6'
Slack : 0.358
TNS   : 0.000

Type  : Slow 1200mV 85C Model Hold 'BUTTON[0]'
Slack : 0.363
TNS   : 0.000

Type  : Slow 1200mV 85C Model Minimum Pulse Width 'BUTTON[0]'
Slack : -3.000
TNS   : -6.000

Type  : Slow 1200mV 85C Model Minimum Pulse Width 'Counter:inst2|inst6'
Slack : -1.000
TNS   : -3.000

Type  : Slow 1200mV 0C Model Setup 'BUTTON[0]'
Slack : -0.296
TNS   : -0.296

Type  : Slow 1200mV 0C Model Setup 'Counter:inst2|inst6'
Slack : 0.045
TNS   : 0.000

Type  : Slow 1200mV 0C Model Hold 'BUTTON[0]'
Slack : 0.255
TNS   : 0.000

Type  : Slow 1200mV 0C Model Hold 'Counter:inst2|inst6'
Slack : 0.313
TNS   : 0.000

Type  : Slow 1200mV 0C Model Minimum Pulse Width 'BUTTON[0]'
Slack : -3.000
TNS   : -6.000

Type  : Slow 1200mV 0C Model Minimum Pulse Width 'Counter:inst2|inst6'
Slack : -1.000
TNS   : -3.000

Type  : Fast 1200mV 0C Model Setup 'BUTTON[0]'
Slack : 0.210
TNS   : 0.000

Type  : Fast 1200mV 0C Model Setup 'Counter:inst2|inst6'
Slack : 0.397
TNS   : 0.000

Type  : Fast 1200mV 0C Model Hold 'BUTTON[0]'
Slack : -0.025
TNS   : -0.025

Type  : Fast 1200mV 0C Model Hold 'Counter:inst2|inst6'
Slack : 0.187
TNS   : 0.000

Type  : Fast 1200mV 0C Model Minimum Pulse Width 'BUTTON[0]'
Slack : -3.000
TNS   : -6.399

Type  : Fast 1200mV 0C Model Minimum Pulse Width 'Counter:inst2|inst6'
Slack : -1.000
TNS   : -3.000

------------------------------------------------------------
