------------------------------------------------------------
TimeQuest Timing Analyzer Summary
------------------------------------------------------------

Type  : Slow 1200mV 85C Model Setup 'CLOCK_50'
Slack : -2.288
TNS   : -50.848

Type  : Slow 1200mV 85C Model Setup 'ClockDivider:u1|clk_out'
Slack : -0.391
TNS   : -2.723

Type  : Slow 1200mV 85C Model Hold 'ClockDivider:u1|clk_out'
Slack : 0.355
TNS   : 0.000

Type  : Slow 1200mV 85C Model Hold 'CLOCK_50'
Slack : 0.487
TNS   : 0.000

Type  : Slow 1200mV 85C Model Minimum Pulse Width 'CLOCK_50'
Slack : -3.000
TNS   : -28.000

Type  : Slow 1200mV 85C Model Minimum Pulse Width 'ClockDivider:u1|clk_out'
Slack : -1.000
TNS   : -9.000

Type  : Slow 1200mV 0C Model Setup 'CLOCK_50'
Slack : -1.964
TNS   : -43.293

Type  : Slow 1200mV 0C Model Setup 'ClockDivider:u1|clk_out'
Slack : -0.248
TNS   : -1.595

Type  : Slow 1200mV 0C Model Hold 'ClockDivider:u1|clk_out'
Slack : 0.312
TNS   : 0.000

Type  : Slow 1200mV 0C Model Hold 'CLOCK_50'
Slack : 0.423
TNS   : 0.000

Type  : Slow 1200mV 0C Model Minimum Pulse Width 'CLOCK_50'
Slack : -3.000
TNS   : -28.000

Type  : Slow 1200mV 0C Model Minimum Pulse Width 'ClockDivider:u1|clk_out'
Slack : -1.000
TNS   : -9.000

Type  : Fast 1200mV 0C Model Setup 'CLOCK_50'
Slack : -0.833
TNS   : -17.073

Type  : Fast 1200mV 0C Model Setup 'ClockDivider:u1|clk_out'
Slack : 0.223
TNS   : 0.000

Type  : Fast 1200mV 0C Model Hold 'ClockDivider:u1|clk_out'
Slack : 0.186
TNS   : 0.000

Type  : Fast 1200mV 0C Model Hold 'CLOCK_50'
Slack : 0.263
TNS   : 0.000

Type  : Fast 1200mV 0C Model Minimum Pulse Width 'CLOCK_50'
Slack : -3.000
TNS   : -29.574

Type  : Fast 1200mV 0C Model Minimum Pulse Width 'ClockDivider:u1|clk_out'
Slack : -1.000
TNS   : -9.000

------------------------------------------------------------
